Archive member included because of file (symbol)

c:/program files (x86)/atmel/avr studio 5.0/avr toolchain/bin/../lib/gcc/avr/4.5.1/avr5\libgcc.a(_exit.o)
                              c:/program files (x86)/atmel/avr studio 5.0/avr toolchain/bin/../lib/gcc/avr/4.5.1/../../../../avr/lib/avr5/crtm32.o (exit)
c:/program files (x86)/atmel/avr studio 5.0/avr toolchain/bin/../lib/gcc/avr/4.5.1/avr5\libgcc.a(_fixunssfsi.o)
                              LED.o (__fixunssfsi)
c:/program files (x86)/atmel/avr studio 5.0/avr toolchain/bin/../lib/gcc/avr/4.5.1/avr5\libgcc.a(_addsub_sf.o)
                              c:/program files (x86)/atmel/avr studio 5.0/avr toolchain/bin/../lib/gcc/avr/4.5.1/avr5\libgcc.a(_fixunssfsi.o) (__subsf3)
c:/program files (x86)/atmel/avr studio 5.0/avr toolchain/bin/../lib/gcc/avr/4.5.1/avr5\libgcc.a(_mul_sf.o)
                              LED.o (__mulsf3)
c:/program files (x86)/atmel/avr studio 5.0/avr toolchain/bin/../lib/gcc/avr/4.5.1/avr5\libgcc.a(_gt_sf.o)
                              LED.o (__gtsf2)
c:/program files (x86)/atmel/avr studio 5.0/avr toolchain/bin/../lib/gcc/avr/4.5.1/avr5\libgcc.a(_ge_sf.o)
                              c:/program files (x86)/atmel/avr studio 5.0/avr toolchain/bin/../lib/gcc/avr/4.5.1/avr5\libgcc.a(_fixunssfsi.o) (__gesf2)
c:/program files (x86)/atmel/avr studio 5.0/avr toolchain/bin/../lib/gcc/avr/4.5.1/avr5\libgcc.a(_lt_sf.o)
                              LED.o (__ltsf2)
c:/program files (x86)/atmel/avr studio 5.0/avr toolchain/bin/../lib/gcc/avr/4.5.1/avr5\libgcc.a(_sf_to_si.o)
                              c:/program files (x86)/atmel/avr studio 5.0/avr toolchain/bin/../lib/gcc/avr/4.5.1/avr5\libgcc.a(_fixunssfsi.o) (__fixsfsi)
c:/program files (x86)/atmel/avr studio 5.0/avr toolchain/bin/../lib/gcc/avr/4.5.1/avr5\libgcc.a(_thenan_sf.o)
                              c:/program files (x86)/atmel/avr studio 5.0/avr toolchain/bin/../lib/gcc/avr/4.5.1/avr5\libgcc.a(_addsub_sf.o) (__thenan_sf)
c:/program files (x86)/atmel/avr studio 5.0/avr toolchain/bin/../lib/gcc/avr/4.5.1/avr5\libgcc.a(_prologue.o)
                              c:/program files (x86)/atmel/avr studio 5.0/avr toolchain/bin/../lib/gcc/avr/4.5.1/avr5\libgcc.a(_addsub_sf.o) (__prologue_saves__)
c:/program files (x86)/atmel/avr studio 5.0/avr toolchain/bin/../lib/gcc/avr/4.5.1/avr5\libgcc.a(_epilogue.o)
                              c:/program files (x86)/atmel/avr studio 5.0/avr toolchain/bin/../lib/gcc/avr/4.5.1/avr5\libgcc.a(_addsub_sf.o) (__epilogue_restores__)
c:/program files (x86)/atmel/avr studio 5.0/avr toolchain/bin/../lib/gcc/avr/4.5.1/avr5\libgcc.a(_copy_data.o)
                              c:/program files (x86)/atmel/avr studio 5.0/avr toolchain/bin/../lib/gcc/avr/4.5.1/avr5\libgcc.a(_thenan_sf.o) (__do_copy_data)
c:/program files (x86)/atmel/avr studio 5.0/avr toolchain/bin/../lib/gcc/avr/4.5.1/avr5\libgcc.a(_pack_sf.o)
                              c:/program files (x86)/atmel/avr studio 5.0/avr toolchain/bin/../lib/gcc/avr/4.5.1/avr5\libgcc.a(_addsub_sf.o) (__pack_f)
c:/program files (x86)/atmel/avr studio 5.0/avr toolchain/bin/../lib/gcc/avr/4.5.1/avr5\libgcc.a(_unpack_sf.o)
                              c:/program files (x86)/atmel/avr studio 5.0/avr toolchain/bin/../lib/gcc/avr/4.5.1/avr5\libgcc.a(_addsub_sf.o) (__unpack_f)
c:/program files (x86)/atmel/avr studio 5.0/avr toolchain/bin/../lib/gcc/avr/4.5.1/avr5\libgcc.a(_fpcmp_parts_sf.o)
                              c:/program files (x86)/atmel/avr studio 5.0/avr toolchain/bin/../lib/gcc/avr/4.5.1/avr5\libgcc.a(_gt_sf.o) (__fpcmp_parts_f)

Memory Configuration

Name             Origin             Length             Attributes
text             0x00000000         0x00020000         xr
data             0x00800060         0x0000ffa0         rw !x
eeprom           0x00810000         0x00010000         rw !x
fuse             0x00820000         0x00000400         rw !x
lock             0x00830000         0x00000400         rw !x
signature        0x00840000         0x00000400         rw !x
*default*        0x00000000         0xffffffff

Linker script and memory map

LOAD c:/program files (x86)/atmel/avr studio 5.0/avr toolchain/bin/../lib/gcc/avr/4.5.1/../../../../avr/lib/avr5/crtm32.o
LOAD LED.o
LOAD c:/program files (x86)/atmel/avr studio 5.0/avr toolchain/bin/../lib/gcc/avr/4.5.1/avr5\libgcc.a
LOAD c:/program files (x86)/atmel/avr studio 5.0/avr toolchain/bin/../lib/gcc/avr/4.5.1/../../../../avr/lib/avr5\libc.a
LOAD c:/program files (x86)/atmel/avr studio 5.0/avr toolchain/bin/../lib/gcc/avr/4.5.1/avr5\libgcc.a

.hash
 *(.hash)

.dynsym
 *(.dynsym)

.dynstr
 *(.dynstr)

.gnu.version
 *(.gnu.version)

.gnu.version_d
 *(.gnu.version_d)

.gnu.version_r
 *(.gnu.version_r)

.rel.init
 *(.rel.init)

.rela.init
 *(.rela.init)

.rel.text
 *(.rel.text)
 *(.rel.text.*)
 *(.rel.gnu.linkonce.t*)

.rela.text
 *(.rela.text)
 *(.rela.text.*)
 *(.rela.gnu.linkonce.t*)

.rel.fini
 *(.rel.fini)

.rela.fini
 *(.rela.fini)

.rel.rodata
 *(.rel.rodata)
 *(.rel.rodata.*)
 *(.rel.gnu.linkonce.r*)

.rela.rodata
 *(.rela.rodata)
 *(.rela.rodata.*)
 *(.rela.gnu.linkonce.r*)

.rel.data
 *(.rel.data)
 *(.rel.data.*)
 *(.rel.gnu.linkonce.d*)

.rela.data
 *(.rela.data)
 *(.rela.data.*)
 *(.rela.gnu.linkonce.d*)

.rel.ctors
 *(.rel.ctors)

.rela.ctors
 *(.rela.ctors)

.rel.dtors
 *(.rel.dtors)

.rela.dtors
 *(.rela.dtors)

.rel.got
 *(.rel.got)

.rela.got
 *(.rela.got)

.rel.bss
 *(.rel.bss)

.rela.bss
 *(.rela.bss)

.rel.plt
 *(.rel.plt)

.rela.plt
 *(.rela.plt)

.text           0x00000000      0xe12
 *(.vectors)
 .vectors       0x00000000       0x54 c:/program files (x86)/atmel/avr studio 5.0/avr toolchain/bin/../lib/gcc/avr/4.5.1/../../../../avr/lib/avr5/crtm32.o
                0x00000000                __vector_default
                0x00000000                __vectors
 *(.vectors)
 *(.progmem.gcc*)
 *(.progmem*)
                0x00000054                . = ALIGN (0x2)
                0x00000054                __trampolines_start = .
 *(.trampolines)
 .trampolines   0x00000054        0x0 linker stubs
 *(.trampolines*)
                0x00000054                __trampolines_end = .
 *(.jumptables)
 *(.jumptables*)
 *(.lowtext)
 *(.lowtext*)
                0x00000054                __ctors_start = .
 *(.ctors)
                0x00000054                __ctors_end = .
                0x00000054                __dtors_start = .
 *(.dtors)
                0x00000054                __dtors_end = .
 SORT(*)(.ctors)
 SORT(*)(.dtors)
 *(.init0)
 .init0         0x00000054        0x0 c:/program files (x86)/atmel/avr studio 5.0/avr toolchain/bin/../lib/gcc/avr/4.5.1/../../../../avr/lib/avr5/crtm32.o
                0x00000054                __init
 *(.init0)
 *(.init1)
 *(.init1)
 *(.init2)
 .init2         0x00000054        0xc c:/program files (x86)/atmel/avr studio 5.0/avr toolchain/bin/../lib/gcc/avr/4.5.1/../../../../avr/lib/avr5/crtm32.o
 *(.init2)
 *(.init3)
 *(.init3)
 *(.init4)
 .init4         0x00000060       0x16 c:/program files (x86)/atmel/avr studio 5.0/avr toolchain/bin/../lib/gcc/avr/4.5.1/avr5\libgcc.a(_copy_data.o)
                0x00000060                __do_copy_data
 *(.init4)
 *(.init5)
 *(.init5)
 *(.init6)
 *(.init6)
 *(.init7)
 *(.init7)
 *(.init8)
 *(.init8)
 *(.init9)
 .init9         0x00000076        0x8 c:/program files (x86)/atmel/avr studio 5.0/avr toolchain/bin/../lib/gcc/avr/4.5.1/../../../../avr/lib/avr5/crtm32.o
 *(.init9)
 *(.text)
 .text          0x0000007e        0x4 c:/program files (x86)/atmel/avr studio 5.0/avr toolchain/bin/../lib/gcc/avr/4.5.1/../../../../avr/lib/avr5/crtm32.o
                0x0000007e                __vector_1
                0x0000007e                __vector_12
                0x0000007e                __bad_interrupt
                0x0000007e                __vector_6
                0x0000007e                __vector_3
                0x0000007e                __vector_11
                0x0000007e                __vector_13
                0x0000007e                __vector_17
                0x0000007e                __vector_19
                0x0000007e                __vector_7
                0x0000007e                __vector_5
                0x0000007e                __vector_4
                0x0000007e                __vector_9
                0x0000007e                __vector_2
                0x0000007e                __vector_15
                0x0000007e                __vector_8
                0x0000007e                __vector_14
                0x0000007e                __vector_10
                0x0000007e                __vector_16
                0x0000007e                __vector_18
                0x0000007e                __vector_20
 .text          0x00000082      0x29e LED.o
                0x00000082                main
 .text          0x00000320        0x0 c:/program files (x86)/atmel/avr studio 5.0/avr toolchain/bin/../lib/gcc/avr/4.5.1/avr5\libgcc.a(_exit.o)
 .text          0x00000320       0x58 c:/program files (x86)/atmel/avr studio 5.0/avr toolchain/bin/../lib/gcc/avr/4.5.1/avr5\libgcc.a(_fixunssfsi.o)
                0x00000320                __fixunssfsi
 .text          0x00000378      0x350 c:/program files (x86)/atmel/avr studio 5.0/avr toolchain/bin/../lib/gcc/avr/4.5.1/avr5\libgcc.a(_addsub_sf.o)
                0x0000060c                __addsf3
                0x00000666                __subsf3
 .text          0x000006c8      0x1f4 c:/program files (x86)/atmel/avr studio 5.0/avr toolchain/bin/../lib/gcc/avr/4.5.1/avr5\libgcc.a(_mul_sf.o)
                0x000006c8                __mulsf3
 .text          0x000008bc       0x60 c:/program files (x86)/atmel/avr studio 5.0/avr toolchain/bin/../lib/gcc/avr/4.5.1/avr5\libgcc.a(_gt_sf.o)
                0x000008bc                __gtsf2
 .text          0x0000091c       0x60 c:/program files (x86)/atmel/avr studio 5.0/avr toolchain/bin/../lib/gcc/avr/4.5.1/avr5\libgcc.a(_ge_sf.o)
                0x0000091c                __gesf2
 .text          0x0000097c       0x60 c:/program files (x86)/atmel/avr studio 5.0/avr toolchain/bin/../lib/gcc/avr/4.5.1/avr5\libgcc.a(_lt_sf.o)
                0x0000097c                __ltsf2
 .text          0x000009dc       0xa4 c:/program files (x86)/atmel/avr studio 5.0/avr toolchain/bin/../lib/gcc/avr/4.5.1/avr5\libgcc.a(_sf_to_si.o)
                0x000009dc                __fixsfsi
 .text          0x00000a80        0x0 c:/program files (x86)/atmel/avr studio 5.0/avr toolchain/bin/../lib/gcc/avr/4.5.1/avr5\libgcc.a(_thenan_sf.o)
 .text          0x00000a80        0x0 c:/program files (x86)/atmel/avr studio 5.0/avr toolchain/bin/../lib/gcc/avr/4.5.1/avr5\libgcc.a(_prologue.o)
 .text          0x00000a80        0x0 c:/program files (x86)/atmel/avr studio 5.0/avr toolchain/bin/../lib/gcc/avr/4.5.1/avr5\libgcc.a(_epilogue.o)
 .text          0x00000a80        0x0 c:/program files (x86)/atmel/avr studio 5.0/avr toolchain/bin/../lib/gcc/avr/4.5.1/avr5\libgcc.a(_copy_data.o)
 .text          0x00000a80      0x19c c:/program files (x86)/atmel/avr studio 5.0/avr toolchain/bin/../lib/gcc/avr/4.5.1/avr5\libgcc.a(_pack_sf.o)
                0x00000a80                __pack_f
 .text          0x00000c1c       0xd2 c:/program files (x86)/atmel/avr studio 5.0/avr toolchain/bin/../lib/gcc/avr/4.5.1/avr5\libgcc.a(_unpack_sf.o)
                0x00000c1c                __unpack_f
 .text          0x00000cee       0xb2 c:/program files (x86)/atmel/avr studio 5.0/avr toolchain/bin/../lib/gcc/avr/4.5.1/avr5\libgcc.a(_fpcmp_parts_sf.o)
                0x00000cee                __fpcmp_parts_f
                0x00000da0                . = ALIGN (0x2)
 *(.text.*)
 .text.libgcc   0x00000da0        0x0 c:/program files (x86)/atmel/avr studio 5.0/avr toolchain/bin/../lib/gcc/avr/4.5.1/avr5\libgcc.a(_exit.o)
 .text.libgcc   0x00000da0       0x38 c:/program files (x86)/atmel/avr studio 5.0/avr toolchain/bin/../lib/gcc/avr/4.5.1/avr5\libgcc.a(_prologue.o)
                0x00000da0                __prologue_saves__
 .text.libgcc   0x00000dd8       0x36 c:/program files (x86)/atmel/avr studio 5.0/avr toolchain/bin/../lib/gcc/avr/4.5.1/avr5\libgcc.a(_epilogue.o)
                0x00000dd8                __epilogue_restores__
 .text.libgcc   0x00000e0e        0x0 c:/program files (x86)/atmel/avr studio 5.0/avr toolchain/bin/../lib/gcc/avr/4.5.1/avr5\libgcc.a(_copy_data.o)
                0x00000e0e                . = ALIGN (0x2)
 *(.fini9)
 .fini9         0x00000e0e        0x0 c:/program files (x86)/atmel/avr studio 5.0/avr toolchain/bin/../lib/gcc/avr/4.5.1/avr5\libgcc.a(_exit.o)
                0x00000e0e                _exit
                0x00000e0e                exit
 *(.fini9)
 *(.fini8)
 *(.fini8)
 *(.fini7)
 *(.fini7)
 *(.fini6)
 *(.fini6)
 *(.fini5)
 *(.fini5)
 *(.fini4)
 *(.fini4)
 *(.fini3)
 *(.fini3)
 *(.fini2)
 *(.fini2)
 *(.fini1)
 *(.fini1)
 *(.fini0)
 .fini0         0x00000e0e        0x4 c:/program files (x86)/atmel/avr studio 5.0/avr toolchain/bin/../lib/gcc/avr/4.5.1/avr5\libgcc.a(_exit.o)
 *(.fini0)
                0x00000e12                _etext = .

.data           0x00800060        0x8 load address 0x00000e12
                0x00800060                PROVIDE (__data_start, .)
 *(.data)
 .data          0x00800060        0x0 c:/program files (x86)/atmel/avr studio 5.0/avr toolchain/bin/../lib/gcc/avr/4.5.1/../../../../avr/lib/avr5/crtm32.o
 .data          0x00800060        0x0 LED.o
 .data          0x00800060        0x0 c:/program files (x86)/atmel/avr studio 5.0/avr toolchain/bin/../lib/gcc/avr/4.5.1/avr5\libgcc.a(_exit.o)
 .data          0x00800060        0x0 c:/program files (x86)/atmel/avr studio 5.0/avr toolchain/bin/../lib/gcc/avr/4.5.1/avr5\libgcc.a(_fixunssfsi.o)
 .data          0x00800060        0x0 c:/program files (x86)/atmel/avr studio 5.0/avr toolchain/bin/../lib/gcc/avr/4.5.1/avr5\libgcc.a(_addsub_sf.o)
 .data          0x00800060        0x0 c:/program files (x86)/atmel/avr studio 5.0/avr toolchain/bin/../lib/gcc/avr/4.5.1/avr5\libgcc.a(_mul_sf.o)
 .data          0x00800060        0x0 c:/program files (x86)/atmel/avr studio 5.0/avr toolchain/bin/../lib/gcc/avr/4.5.1/avr5\libgcc.a(_gt_sf.o)
 .data          0x00800060        0x0 c:/program files (x86)/atmel/avr studio 5.0/avr toolchain/bin/../lib/gcc/avr/4.5.1/avr5\libgcc.a(_ge_sf.o)
 .data          0x00800060        0x0 c:/program files (x86)/atmel/avr studio 5.0/avr toolchain/bin/../lib/gcc/avr/4.5.1/avr5\libgcc.a(_lt_sf.o)
 .data          0x00800060        0x0 c:/program files (x86)/atmel/avr studio 5.0/avr toolchain/bin/../lib/gcc/avr/4.5.1/avr5\libgcc.a(_sf_to_si.o)
 .data          0x00800060        0x8 c:/program files (x86)/atmel/avr studio 5.0/avr toolchain/bin/../lib/gcc/avr/4.5.1/avr5\libgcc.a(_thenan_sf.o)
                0x00800060                __thenan_sf
 .data          0x00800068        0x0 c:/program files (x86)/atmel/avr studio 5.0/avr toolchain/bin/../lib/gcc/avr/4.5.1/avr5\libgcc.a(_prologue.o)
 .data          0x00800068        0x0 c:/program files (x86)/atmel/avr studio 5.0/avr toolchain/bin/../lib/gcc/avr/4.5.1/avr5\libgcc.a(_epilogue.o)
 .data          0x00800068        0x0 c:/program files (x86)/atmel/avr studio 5.0/avr toolchain/bin/../lib/gcc/avr/4.5.1/avr5\libgcc.a(_copy_data.o)
 .data          0x00800068        0x0 c:/program files (x86)/atmel/avr studio 5.0/avr toolchain/bin/../lib/gcc/avr/4.5.1/avr5\libgcc.a(_pack_sf.o)
 .data          0x00800068        0x0 c:/program files (x86)/atmel/avr studio 5.0/avr toolchain/bin/../lib/gcc/avr/4.5.1/avr5\libgcc.a(_unpack_sf.o)
 .data          0x00800068        0x0 c:/program files (x86)/atmel/avr studio 5.0/avr toolchain/bin/../lib/gcc/avr/4.5.1/avr5\libgcc.a(_fpcmp_parts_sf.o)
 *(.data*)
 *(.rodata)
 *(.rodata*)
 *(.gnu.linkonce.d*)
                0x00800068                . = ALIGN (0x2)
                0x00800068                _edata = .
                0x00800068                PROVIDE (__data_end, .)

.bss            0x00800068        0x0
                0x00800068                PROVIDE (__bss_start, .)
 *(.bss)
 .bss           0x00800068        0x0 c:/program files (x86)/atmel/avr studio 5.0/avr toolchain/bin/../lib/gcc/avr/4.5.1/../../../../avr/lib/avr5/crtm32.o
 .bss           0x00800068        0x0 LED.o
 .bss           0x00800068        0x0 c:/program files (x86)/atmel/avr studio 5.0/avr toolchain/bin/../lib/gcc/avr/4.5.1/avr5\libgcc.a(_exit.o)
 .bss           0x00800068        0x0 c:/program files (x86)/atmel/avr studio 5.0/avr toolchain/bin/../lib/gcc/avr/4.5.1/avr5\libgcc.a(_fixunssfsi.o)
 .bss           0x00800068        0x0 c:/program files (x86)/atmel/avr studio 5.0/avr toolchain/bin/../lib/gcc/avr/4.5.1/avr5\libgcc.a(_addsub_sf.o)
 .bss           0x00800068        0x0 c:/program files (x86)/atmel/avr studio 5.0/avr toolchain/bin/../lib/gcc/avr/4.5.1/avr5\libgcc.a(_mul_sf.o)
 .bss           0x00800068        0x0 c:/program files (x86)/atmel/avr studio 5.0/avr toolchain/bin/../lib/gcc/avr/4.5.1/avr5\libgcc.a(_gt_sf.o)
 .bss           0x00800068        0x0 c:/program files (x86)/atmel/avr studio 5.0/avr toolchain/bin/../lib/gcc/avr/4.5.1/avr5\libgcc.a(_ge_sf.o)
 .bss           0x00800068        0x0 c:/program files (x86)/atmel/avr studio 5.0/avr toolchain/bin/../lib/gcc/avr/4.5.1/avr5\libgcc.a(_lt_sf.o)
 .bss           0x00800068        0x0 c:/program files (x86)/atmel/avr studio 5.0/avr toolchain/bin/../lib/gcc/avr/4.5.1/avr5\libgcc.a(_sf_to_si.o)
 .bss           0x00800068        0x0 c:/program files (x86)/atmel/avr studio 5.0/avr toolchain/bin/../lib/gcc/avr/4.5.1/avr5\libgcc.a(_thenan_sf.o)
 .bss           0x00800068        0x0 c:/program files (x86)/atmel/avr studio 5.0/avr toolchain/bin/../lib/gcc/avr/4.5.1/avr5\libgcc.a(_prologue.o)
 .bss           0x00800068        0x0 c:/program files (x86)/atmel/avr studio 5.0/avr toolchain/bin/../lib/gcc/avr/4.5.1/avr5\libgcc.a(_epilogue.o)
 .bss           0x00800068        0x0 c:/program files (x86)/atmel/avr studio 5.0/avr toolchain/bin/../lib/gcc/avr/4.5.1/avr5\libgcc.a(_copy_data.o)
 .bss           0x00800068        0x0 c:/program files (x86)/atmel/avr studio 5.0/avr toolchain/bin/../lib/gcc/avr/4.5.1/avr5\libgcc.a(_pack_sf.o)
 .bss           0x00800068        0x0 c:/program files (x86)/atmel/avr studio 5.0/avr toolchain/bin/../lib/gcc/avr/4.5.1/avr5\libgcc.a(_unpack_sf.o)
 .bss           0x00800068        0x0 c:/program files (x86)/atmel/avr studio 5.0/avr toolchain/bin/../lib/gcc/avr/4.5.1/avr5\libgcc.a(_fpcmp_parts_sf.o)
 *(.bss*)
 *(COMMON)
                0x00800068                PROVIDE (__bss_end, .)
                0x00000e12                __data_load_start = LOADADDR (.data)
                0x00000e1a                __data_load_end = (__data_load_start + SIZEOF (.data))

.noinit         0x00800068        0x0
                0x00800068                PROVIDE (__noinit_start, .)
 *(.noinit*)
                0x00800068                PROVIDE (__noinit_end, .)
                0x00800068                _end = .
                0x00800068                PROVIDE (__heap_start, .)

.eeprom         0x00810000        0x0
 *(.eeprom*)
                0x00810000                __eeprom_end = .

.fuse
 *(.fuse)
 *(.lfuse)
 *(.hfuse)
 *(.efuse)

.lock
 *(.lock*)

.signature
 *(.signature*)

.stab           0x00000000      0x6cc
 *(.stab)
 .stab          0x00000000      0x6cc c:/program files (x86)/atmel/avr studio 5.0/avr toolchain/bin/../lib/gcc/avr/4.5.1/../../../../avr/lib/avr5/crtm32.o

.stabstr        0x00000000       0x85
 *(.stabstr)
 .stabstr       0x00000000       0x85 c:/program files (x86)/atmel/avr studio 5.0/avr toolchain/bin/../lib/gcc/avr/4.5.1/../../../../avr/lib/avr5/crtm32.o

.stab.excl
 *(.stab.excl)

.stab.exclstr
 *(.stab.exclstr)

.stab.index
 *(.stab.index)

.stab.indexstr
 *(.stab.indexstr)

.comment
 *(.comment)

.debug
 *(.debug)

.line
 *(.line)

.debug_srcinfo
 *(.debug_srcinfo)

.debug_sfnames
 *(.debug_sfnames)

.debug_aranges  0x00000000      0x160
 *(.debug_aranges)
 .debug_aranges
                0x00000000       0x20 LED.o
 .debug_aranges
                0x00000020       0x20 c:/program files (x86)/atmel/avr studio 5.0/avr toolchain/bin/../lib/gcc/avr/4.5.1/avr5\libgcc.a(_fixunssfsi.o)
 .debug_aranges
                0x00000040       0x20 c:/program files (x86)/atmel/avr studio 5.0/avr toolchain/bin/../lib/gcc/avr/4.5.1/avr5\libgcc.a(_addsub_sf.o)
 .debug_aranges
                0x00000060       0x20 c:/program files (x86)/atmel/avr studio 5.0/avr toolchain/bin/../lib/gcc/avr/4.5.1/avr5\libgcc.a(_mul_sf.o)
 .debug_aranges
                0x00000080       0x20 c:/program files (x86)/atmel/avr studio 5.0/avr toolchain/bin/../lib/gcc/avr/4.5.1/avr5\libgcc.a(_gt_sf.o)
 .debug_aranges
                0x000000a0       0x20 c:/program files (x86)/atmel/avr studio 5.0/avr toolchain/bin/../lib/gcc/avr/4.5.1/avr5\libgcc.a(_ge_sf.o)
 .debug_aranges
                0x000000c0       0x20 c:/program files (x86)/atmel/avr studio 5.0/avr toolchain/bin/../lib/gcc/avr/4.5.1/avr5\libgcc.a(_lt_sf.o)
 .debug_aranges
                0x000000e0       0x20 c:/program files (x86)/atmel/avr studio 5.0/avr toolchain/bin/../lib/gcc/avr/4.5.1/avr5\libgcc.a(_sf_to_si.o)
 .debug_aranges
                0x00000100       0x20 c:/program files (x86)/atmel/avr studio 5.0/avr toolchain/bin/../lib/gcc/avr/4.5.1/avr5\libgcc.a(_pack_sf.o)
 .debug_aranges
                0x00000120       0x20 c:/program files (x86)/atmel/avr studio 5.0/avr toolchain/bin/../lib/gcc/avr/4.5.1/avr5\libgcc.a(_unpack_sf.o)
 .debug_aranges
                0x00000140       0x20 c:/program files (x86)/atmel/avr studio 5.0/avr toolchain/bin/../lib/gcc/avr/4.5.1/avr5\libgcc.a(_fpcmp_parts_sf.o)

.debug_pubnames
                0x00000000      0x18b
 *(.debug_pubnames)
 .debug_pubnames
                0x00000000       0x1b LED.o
 .debug_pubnames
                0x0000001b       0x23 c:/program files (x86)/atmel/avr studio 5.0/avr toolchain/bin/../lib/gcc/avr/4.5.1/avr5\libgcc.a(_fixunssfsi.o)
 .debug_pubnames
                0x0000003e       0x2c c:/program files (x86)/atmel/avr studio 5.0/avr toolchain/bin/../lib/gcc/avr/4.5.1/avr5\libgcc.a(_addsub_sf.o)
 .debug_pubnames
                0x0000006a       0x1f c:/program files (x86)/atmel/avr studio 5.0/avr toolchain/bin/../lib/gcc/avr/4.5.1/avr5\libgcc.a(_mul_sf.o)
 .debug_pubnames
                0x00000089       0x1e c:/program files (x86)/atmel/avr studio 5.0/avr toolchain/bin/../lib/gcc/avr/4.5.1/avr5\libgcc.a(_gt_sf.o)
 .debug_pubnames
                0x000000a7       0x1e c:/program files (x86)/atmel/avr studio 5.0/avr toolchain/bin/../lib/gcc/avr/4.5.1/avr5\libgcc.a(_ge_sf.o)
 .debug_pubnames
                0x000000c5       0x1e c:/program files (x86)/atmel/avr studio 5.0/avr toolchain/bin/../lib/gcc/avr/4.5.1/avr5\libgcc.a(_lt_sf.o)
 .debug_pubnames
                0x000000e3       0x20 c:/program files (x86)/atmel/avr studio 5.0/avr toolchain/bin/../lib/gcc/avr/4.5.1/avr5\libgcc.a(_sf_to_si.o)
 .debug_pubnames
                0x00000103       0x22 c:/program files (x86)/atmel/avr studio 5.0/avr toolchain/bin/../lib/gcc/avr/4.5.1/avr5\libgcc.a(_thenan_sf.o)
 .debug_pubnames
                0x00000125       0x1f c:/program files (x86)/atmel/avr studio 5.0/avr toolchain/bin/../lib/gcc/avr/4.5.1/avr5\libgcc.a(_pack_sf.o)
 .debug_pubnames
                0x00000144       0x21 c:/program files (x86)/atmel/avr studio 5.0/avr toolchain/bin/../lib/gcc/avr/4.5.1/avr5\libgcc.a(_unpack_sf.o)
 .debug_pubnames
                0x00000165       0x26 c:/program files (x86)/atmel/avr studio 5.0/avr toolchain/bin/../lib/gcc/avr/4.5.1/avr5\libgcc.a(_fpcmp_parts_sf.o)

.debug_info     0x00000000     0x1d6a
 *(.debug_info)
 .debug_info    0x00000000      0x1a5 LED.o
 .debug_info    0x000001a5       0xbd c:/program files (x86)/atmel/avr studio 5.0/avr toolchain/bin/../lib/gcc/avr/4.5.1/avr5\libgcc.a(_fixunssfsi.o)
 .debug_info    0x00000262      0x455 c:/program files (x86)/atmel/avr studio 5.0/avr toolchain/bin/../lib/gcc/avr/4.5.1/avr5\libgcc.a(_addsub_sf.o)
 .debug_info    0x000006b7      0x3ec c:/program files (x86)/atmel/avr studio 5.0/avr toolchain/bin/../lib/gcc/avr/4.5.1/avr5\libgcc.a(_mul_sf.o)
 .debug_info    0x00000aa3      0x28a c:/program files (x86)/atmel/avr studio 5.0/avr toolchain/bin/../lib/gcc/avr/4.5.1/avr5\libgcc.a(_gt_sf.o)
 .debug_info    0x00000d2d      0x28a c:/program files (x86)/atmel/avr studio 5.0/avr toolchain/bin/../lib/gcc/avr/4.5.1/avr5\libgcc.a(_ge_sf.o)
 .debug_info    0x00000fb7      0x28a c:/program files (x86)/atmel/avr studio 5.0/avr toolchain/bin/../lib/gcc/avr/4.5.1/avr5\libgcc.a(_lt_sf.o)
 .debug_info    0x00001241      0x2a5 c:/program files (x86)/atmel/avr studio 5.0/avr toolchain/bin/../lib/gcc/avr/4.5.1/avr5\libgcc.a(_sf_to_si.o)
 .debug_info    0x000014e6      0x15e c:/program files (x86)/atmel/avr studio 5.0/avr toolchain/bin/../lib/gcc/avr/4.5.1/avr5\libgcc.a(_thenan_sf.o)
 .debug_info    0x00001644      0x2d9 c:/program files (x86)/atmel/avr studio 5.0/avr toolchain/bin/../lib/gcc/avr/4.5.1/avr5\libgcc.a(_pack_sf.o)
 .debug_info    0x0000191d      0x25c c:/program files (x86)/atmel/avr studio 5.0/avr toolchain/bin/../lib/gcc/avr/4.5.1/avr5\libgcc.a(_unpack_sf.o)
 .debug_info    0x00001b79      0x1f1 c:/program files (x86)/atmel/avr studio 5.0/avr toolchain/bin/../lib/gcc/avr/4.5.1/avr5\libgcc.a(_fpcmp_parts_sf.o)
 *(.gnu.linkonce.wi.*)

.debug_abbrev   0x00000000      0xea6
 *(.debug_abbrev)
 .debug_abbrev  0x00000000       0xc8 LED.o
 .debug_abbrev  0x000000c8       0x5d c:/program files (x86)/atmel/avr studio 5.0/avr toolchain/bin/../lib/gcc/avr/4.5.1/avr5\libgcc.a(_fixunssfsi.o)
 .debug_abbrev  0x00000125      0x1af c:/program files (x86)/atmel/avr studio 5.0/avr toolchain/bin/../lib/gcc/avr/4.5.1/avr5\libgcc.a(_addsub_sf.o)
 .debug_abbrev  0x000002d4      0x1d9 c:/program files (x86)/atmel/avr studio 5.0/avr toolchain/bin/../lib/gcc/avr/4.5.1/avr5\libgcc.a(_mul_sf.o)
 .debug_abbrev  0x000004ad      0x151 c:/program files (x86)/atmel/avr studio 5.0/avr toolchain/bin/../lib/gcc/avr/4.5.1/avr5\libgcc.a(_gt_sf.o)
 .debug_abbrev  0x000005fe      0x151 c:/program files (x86)/atmel/avr studio 5.0/avr toolchain/bin/../lib/gcc/avr/4.5.1/avr5\libgcc.a(_ge_sf.o)
 .debug_abbrev  0x0000074f      0x151 c:/program files (x86)/atmel/avr studio 5.0/avr toolchain/bin/../lib/gcc/avr/4.5.1/avr5\libgcc.a(_lt_sf.o)
 .debug_abbrev  0x000008a0      0x160 c:/program files (x86)/atmel/avr studio 5.0/avr toolchain/bin/../lib/gcc/avr/4.5.1/avr5\libgcc.a(_sf_to_si.o)
 .debug_abbrev  0x00000a00       0xcb c:/program files (x86)/atmel/avr studio 5.0/avr toolchain/bin/../lib/gcc/avr/4.5.1/avr5\libgcc.a(_thenan_sf.o)
 .debug_abbrev  0x00000acb      0x185 c:/program files (x86)/atmel/avr studio 5.0/avr toolchain/bin/../lib/gcc/avr/4.5.1/avr5\libgcc.a(_pack_sf.o)
 .debug_abbrev  0x00000c50      0x14b c:/program files (x86)/atmel/avr studio 5.0/avr toolchain/bin/../lib/gcc/avr/4.5.1/avr5\libgcc.a(_unpack_sf.o)
 .debug_abbrev  0x00000d9b      0x10b c:/program files (x86)/atmel/avr studio 5.0/avr toolchain/bin/../lib/gcc/avr/4.5.1/avr5\libgcc.a(_fpcmp_parts_sf.o)

.debug_line     0x00000000     0x12cf
 *(.debug_line)
 .debug_line    0x00000000      0x2ab LED.o
 .debug_line    0x000002ab       0xc9 c:/program files (x86)/atmel/avr studio 5.0/avr toolchain/bin/../lib/gcc/avr/4.5.1/avr5\libgcc.a(_fixunssfsi.o)
 .debug_line    0x00000374      0x2ee c:/program files (x86)/atmel/avr studio 5.0/avr toolchain/bin/../lib/gcc/avr/4.5.1/avr5\libgcc.a(_addsub_sf.o)
 .debug_line    0x00000662      0x28a c:/program files (x86)/atmel/avr studio 5.0/avr toolchain/bin/../lib/gcc/avr/4.5.1/avr5\libgcc.a(_mul_sf.o)
 .debug_line    0x000008ec      0x105 c:/program files (x86)/atmel/avr studio 5.0/avr toolchain/bin/../lib/gcc/avr/4.5.1/avr5\libgcc.a(_gt_sf.o)
 .debug_line    0x000009f1      0x105 c:/program files (x86)/atmel/avr studio 5.0/avr toolchain/bin/../lib/gcc/avr/4.5.1/avr5\libgcc.a(_ge_sf.o)
 .debug_line    0x00000af6      0x105 c:/program files (x86)/atmel/avr studio 5.0/avr toolchain/bin/../lib/gcc/avr/4.5.1/avr5\libgcc.a(_lt_sf.o)
 .debug_line    0x00000bfb      0x13f c:/program files (x86)/atmel/avr studio 5.0/avr toolchain/bin/../lib/gcc/avr/4.5.1/avr5\libgcc.a(_sf_to_si.o)
 .debug_line    0x00000d3a       0xb2 c:/program files (x86)/atmel/avr studio 5.0/avr toolchain/bin/../lib/gcc/avr/4.5.1/avr5\libgcc.a(_thenan_sf.o)
 .debug_line    0x00000dec      0x1f5 c:/program files (x86)/atmel/avr studio 5.0/avr toolchain/bin/../lib/gcc/avr/4.5.1/avr5\libgcc.a(_pack_sf.o)
 .debug_line    0x00000fe1      0x175 c:/program files (x86)/atmel/avr studio 5.0/avr toolchain/bin/../lib/gcc/avr/4.5.1/avr5\libgcc.a(_unpack_sf.o)
 .debug_line    0x00001156      0x179 c:/program files (x86)/atmel/avr studio 5.0/avr toolchain/bin/../lib/gcc/avr/4.5.1/avr5\libgcc.a(_fpcmp_parts_sf.o)

.debug_frame    0x00000000      0x180
 *(.debug_frame)
 .debug_frame   0x00000000       0x20 LED.o
 .debug_frame   0x00000020       0x20 c:/program files (x86)/atmel/avr studio 5.0/avr toolchain/bin/../lib/gcc/avr/4.5.1/avr5\libgcc.a(_fixunssfsi.o)
 .debug_frame   0x00000040       0x40 c:/program files (x86)/atmel/avr studio 5.0/avr toolchain/bin/../lib/gcc/avr/4.5.1/avr5\libgcc.a(_addsub_sf.o)
 .debug_frame   0x00000080       0x20 c:/program files (x86)/atmel/avr studio 5.0/avr toolchain/bin/../lib/gcc/avr/4.5.1/avr5\libgcc.a(_mul_sf.o)
 .debug_frame   0x000000a0       0x20 c:/program files (x86)/atmel/avr studio 5.0/avr toolchain/bin/../lib/gcc/avr/4.5.1/avr5\libgcc.a(_gt_sf.o)
 .debug_frame   0x000000c0       0x20 c:/program files (x86)/atmel/avr studio 5.0/avr toolchain/bin/../lib/gcc/avr/4.5.1/avr5\libgcc.a(_ge_sf.o)
 .debug_frame   0x000000e0       0x20 c:/program files (x86)/atmel/avr studio 5.0/avr toolchain/bin/../lib/gcc/avr/4.5.1/avr5\libgcc.a(_lt_sf.o)
 .debug_frame   0x00000100       0x20 c:/program files (x86)/atmel/avr studio 5.0/avr toolchain/bin/../lib/gcc/avr/4.5.1/avr5\libgcc.a(_sf_to_si.o)
 .debug_frame   0x00000120       0x20 c:/program files (x86)/atmel/avr studio 5.0/avr toolchain/bin/../lib/gcc/avr/4.5.1/avr5\libgcc.a(_pack_sf.o)
 .debug_frame   0x00000140       0x20 c:/program files (x86)/atmel/avr studio 5.0/avr toolchain/bin/../lib/gcc/avr/4.5.1/avr5\libgcc.a(_unpack_sf.o)
 .debug_frame   0x00000160       0x20 c:/program files (x86)/atmel/avr studio 5.0/avr toolchain/bin/../lib/gcc/avr/4.5.1/avr5\libgcc.a(_fpcmp_parts_sf.o)

.debug_str      0x00000000      0x389
 *(.debug_str)
 .debug_str     0x00000000       0xdc LED.o
                                0x110 (size before relaxing)
 .debug_str     0x000000dc       0xd7 c:/program files (x86)/atmel/avr studio 5.0/avr toolchain/bin/../lib/gcc/avr/4.5.1/avr5\libgcc.a(_fixunssfsi.o)
                                0x15c (size before relaxing)
 .debug_str     0x000001b3      0x155 c:/program files (x86)/atmel/avr studio 5.0/avr toolchain/bin/../lib/gcc/avr/4.5.1/avr5\libgcc.a(_addsub_sf.o)
                                0x243 (size before relaxing)
 .debug_str     0x00000308       0x27 c:/program files (x86)/atmel/avr studio 5.0/avr toolchain/bin/../lib/gcc/avr/4.5.1/avr5\libgcc.a(_mul_sf.o)
                                0x1fc (size before relaxing)
 .debug_str     0x0000032f        0xf c:/program files (x86)/atmel/avr studio 5.0/avr toolchain/bin/../lib/gcc/avr/4.5.1/avr5\libgcc.a(_gt_sf.o)
                                0x1ca (size before relaxing)
 .debug_str     0x0000033e        0x8 c:/program files (x86)/atmel/avr studio 5.0/avr toolchain/bin/../lib/gcc/avr/4.5.1/avr5\libgcc.a(_ge_sf.o)
                                0x1ca (size before relaxing)
 .debug_str     0x00000346        0x8 c:/program files (x86)/atmel/avr studio 5.0/avr toolchain/bin/../lib/gcc/avr/4.5.1/avr5\libgcc.a(_lt_sf.o)
                                0x1ca (size before relaxing)
 .debug_str     0x0000034e        0xa c:/program files (x86)/atmel/avr studio 5.0/avr toolchain/bin/../lib/gcc/avr/4.5.1/avr5\libgcc.a(_sf_to_si.o)
                                0x1d3 (size before relaxing)
 .debug_str     0x00000000      0x175 c:/program files (x86)/atmel/avr studio 5.0/avr toolchain/bin/../lib/gcc/avr/4.5.1/avr5\libgcc.a(_thenan_sf.o)
 .debug_str     0x00000358       0x16 c:/program files (x86)/atmel/avr studio 5.0/avr toolchain/bin/../lib/gcc/avr/4.5.1/avr5\libgcc.a(_pack_sf.o)
                                0x1d2 (size before relaxing)
 .debug_str     0x0000036e        0xb c:/program files (x86)/atmel/avr studio 5.0/avr toolchain/bin/../lib/gcc/avr/4.5.1/avr5\libgcc.a(_unpack_sf.o)
                                0x1b4 (size before relaxing)
 .debug_str     0x00000379       0x10 c:/program files (x86)/atmel/avr studio 5.0/avr toolchain/bin/../lib/gcc/avr/4.5.1/avr5\libgcc.a(_fpcmp_parts_sf.o)
                                0x198 (size before relaxing)

.debug_loc      0x00000000      0xa79
 *(.debug_loc)
 .debug_loc     0x00000000       0x34 c:/program files (x86)/atmel/avr studio 5.0/avr toolchain/bin/../lib/gcc/avr/4.5.1/avr5\libgcc.a(_fixunssfsi.o)
 .debug_loc     0x00000034      0x31d c:/program files (x86)/atmel/avr studio 5.0/avr toolchain/bin/../lib/gcc/avr/4.5.1/avr5\libgcc.a(_addsub_sf.o)
 .debug_loc     0x00000351      0x2a4 c:/program files (x86)/atmel/avr studio 5.0/avr toolchain/bin/../lib/gcc/avr/4.5.1/avr5\libgcc.a(_mul_sf.o)
 .debug_loc     0x000005f5       0x48 c:/program files (x86)/atmel/avr studio 5.0/avr toolchain/bin/../lib/gcc/avr/4.5.1/avr5\libgcc.a(_gt_sf.o)
 .debug_loc     0x0000063d       0x48 c:/program files (x86)/atmel/avr studio 5.0/avr toolchain/bin/../lib/gcc/avr/4.5.1/avr5\libgcc.a(_ge_sf.o)
 .debug_loc     0x00000685       0x48 c:/program files (x86)/atmel/avr studio 5.0/avr toolchain/bin/../lib/gcc/avr/4.5.1/avr5\libgcc.a(_lt_sf.o)
 .debug_loc     0x000006cd       0x56 c:/program files (x86)/atmel/avr studio 5.0/avr toolchain/bin/../lib/gcc/avr/4.5.1/avr5\libgcc.a(_sf_to_si.o)
 .debug_loc     0x00000723      0x1f5 c:/program files (x86)/atmel/avr studio 5.0/avr toolchain/bin/../lib/gcc/avr/4.5.1/avr5\libgcc.a(_pack_sf.o)
 .debug_loc     0x00000918      0x111 c:/program files (x86)/atmel/avr studio 5.0/avr toolchain/bin/../lib/gcc/avr/4.5.1/avr5\libgcc.a(_unpack_sf.o)
 .debug_loc     0x00000a29       0x50 c:/program files (x86)/atmel/avr studio 5.0/avr toolchain/bin/../lib/gcc/avr/4.5.1/avr5\libgcc.a(_fpcmp_parts_sf.o)

.debug_macinfo
 *(.debug_macinfo)
OUTPUT(LED.elf elf32-avr)
LOAD linker stubs

.debug_pubtypes
                0x00000000      0x588
 .debug_pubtypes
                0x00000000       0x2b LED.o
 .debug_pubtypes
                0x0000002b       0x34 c:/program files (x86)/atmel/avr studio 5.0/avr toolchain/bin/../lib/gcc/avr/4.5.1/avr5\libgcc.a(_fixunssfsi.o)
 .debug_pubtypes
                0x0000005f       0x9d c:/program files (x86)/atmel/avr studio 5.0/avr toolchain/bin/../lib/gcc/avr/4.5.1/avr5\libgcc.a(_addsub_sf.o)
 .debug_pubtypes
                0x000000fc       0x86 c:/program files (x86)/atmel/avr studio 5.0/avr toolchain/bin/../lib/gcc/avr/4.5.1/avr5\libgcc.a(_mul_sf.o)
 .debug_pubtypes
                0x00000182       0x91 c:/program files (x86)/atmel/avr studio 5.0/avr toolchain/bin/../lib/gcc/avr/4.5.1/avr5\libgcc.a(_gt_sf.o)
 .debug_pubtypes
                0x00000213       0x91 c:/program files (x86)/atmel/avr studio 5.0/avr toolchain/bin/../lib/gcc/avr/4.5.1/avr5\libgcc.a(_ge_sf.o)
 .debug_pubtypes
                0x000002a4       0x91 c:/program files (x86)/atmel/avr studio 5.0/avr toolchain/bin/../lib/gcc/avr/4.5.1/avr5\libgcc.a(_lt_sf.o)
 .debug_pubtypes
                0x00000335       0x91 c:/program files (x86)/atmel/avr studio 5.0/avr toolchain/bin/../lib/gcc/avr/4.5.1/avr5\libgcc.a(_sf_to_si.o)
 .debug_pubtypes
                0x000003c6       0x5b c:/program files (x86)/atmel/avr studio 5.0/avr toolchain/bin/../lib/gcc/avr/4.5.1/avr5\libgcc.a(_thenan_sf.o)
 .debug_pubtypes
                0x00000421       0x86 c:/program files (x86)/atmel/avr studio 5.0/avr toolchain/bin/../lib/gcc/avr/4.5.1/avr5\libgcc.a(_pack_sf.o)
 .debug_pubtypes
                0x000004a7       0x86 c:/program files (x86)/atmel/avr studio 5.0/avr toolchain/bin/../lib/gcc/avr/4.5.1/avr5\libgcc.a(_unpack_sf.o)
 .debug_pubtypes
                0x0000052d       0x5b c:/program files (x86)/atmel/avr studio 5.0/avr toolchain/bin/../lib/gcc/avr/4.5.1/avr5\libgcc.a(_fpcmp_parts_sf.o)

.debug_ranges   0x00000000       0x60
 .debug_ranges  0x00000000       0x30 LED.o
 .debug_ranges  0x00000030       0x30 c:/program files (x86)/atmel/avr studio 5.0/avr toolchain/bin/../lib/gcc/avr/4.5.1/avr5\libgcc.a(_mul_sf.o)
